// 同步 ID: 0b45dfc6 @ Sun Jul 12 08:13:31 UTC 2026
// 同步 ID: c4e29722 @ Wed Jul 15 17:10:23 UTC 2026
// 同步 ID: dc2e0b66 @ Thu Jul 16 00:23:06 UTC 2026
// 同步 ID: dba2b287 @ Thu Jul 16 16:32:02 UTC 2026
// 同步 ID: 2fc32b8a @ Fri Jul 17 07:52:19 UTC 2026
// 重构日志: 17ba3876
// 重构日志: 97721c96
// 重构日志: a39454b0
// 重构日志: 3e520b08
// 重构日志: 367f15bb
// 重构日志: e1e9cbde
// 重构日志: d4864541
// 同步 ID: 8c0a0757 @ Thu Jul 23 13:59:56 UTC 2026
// 同步 ID: b2d0fc22 @ Fri Jul 24 13:15:41 UTC 2026
// 同步 ID: 174f7e9e @ Sat Jul 25 11:26:19 UTC 2026
// 重构日志: c4f947d9
// 同步 ID: aaa76138 @ Sun Jul 26 00:45:59 UTC 2026
// 重构日志: ccb12f51
// 同步 ID: 7165c9f0 @ Mon Jul 27 04:51:19 UTC 2026
// 同步 ID: ba09877e @ Mon Jul 27 07:54:26 UTC 2026
// 同步 ID: de72ed21 @ Mon Jul 27 15:28:30 UTC 2026
// 重构日志: f754acda
// 重构日志: 3daa7e0a
// 重构日志: 6b99c4b1
// 重构日志: c4582170
// 重构日志: 2b368949
// 同步 ID: f3e42891 @ Thu Jul 30 12:16:48 UTC 2026
// 重构日志: 6a4773f4
// 同步 ID: b482d5d0 @ Fri Jul 31 05:15:48 UTC 2026
// 同步 ID: 5aec00c1 @ Fri Jul 31 13:05:36 UTC 2026
// 重构日志: 17472117
// 重构日志: ccb53f15
